# prompt rxn                                        		hot species	dh1(300K)*phi	dh2(300K)	dhtot(300K)	k(1000K)	k*(T*(1000K))	T*(1000K)	keep?
                            DMM=H+DMM-R2		         DMM-R2		92.9		-7.4		85.5		1.6e+08		1.6e+08		1000		NO
                            DMM=H+DMM-R1		         DMM-R1		92.5		-7.0		85.6		1.3e+07		1.3e+07		1000		NO
                   CH3OCH2+CH3O=DMM-R1+H		         DMM-R1		9.3		-7.0		2.3		1.3e+07		1.3e+07		1000		NO
                   CH3OCH2O+CH3=DMM-R1+H		         DMM-R1		18.7		-7.0		11.8		1.3e+07		1.3e+07		1000		NO
                   CH3OCH3+CH2O=DMM-R1+H		         DMM-R1		81.0		-7.0		74.0		1.3e+07		1.3e+07		1000		NO
                       DMM-R2+H=DMM-R1+H		         DMM-R1		-0.4		-7.0		-7.4		1.3e+07		1.3e+07		1000		NO
                   CH3OCH2+CH3O=DMM-R2+H		         DMM-R2		9.7		-7.4		2.3		1.6e+08		1.6e+08		1000		NO
                   CH3OCH2O+CH3=DMM-R2+H		         DMM-R2		19.1		-7.4		11.8		1.6e+08		1.6e+08		1000		NO
                   CH3OCH3+CH2O=DMM-R2+H		         DMM-R2		81.4		-7.4		74.0		1.6e+08		1.6e+08		1000		NO
                       DMM-R1+H=DMM-R2+H		         DMM-R2		0.4		-7.4		-7.0		1.6e+08		1.7e+08		1016		NO
                         H+DMM=H2+DMM-R2		         DMM-R2		-6.2		-7.4		-13.6		1.6e+08		2.5e+08		1145		YES
                         H+DMM=H2+DMM-R1		         DMM-R1		-6.5		-7.0		-13.5		1.3e+07		3.2e+07		1129		YES
                         O+DMM=OH+DMM-R1		         DMM-R1		-5.2		-7.0		-12.2		1.3e+07		2.7e+07		1101		YES
                         O+DMM=OH+DMM-R2		         DMM-R2		-4.8		-7.4		-12.2		1.6e+08		2.3e+08		1118		YES
                       OH+DMM=H2O+DMM-R2		         DMM-R2		-18.1		-7.4		-25.5		1.6e+08		4.0e+08		1382		YES
                       OH+DMM=H2O+DMM-R1		         DMM-R1		-18.4		-7.0		-25.4		1.3e+07		8.8e+07		1366		YES
                      DMM-RO21=O2+DMM-R1		         DMM-R1		30.6		-7.0		23.7		1.3e+07		1.3e+07		1000		NO
                 DME-OQOOH+CH3=DMM-R1+O2		         DMM-R1		7.4		-7.0		0.4		1.3e+07		1.3e+07		1000		NO
                 DME-QOOH+CH2O=DMM-R1+O2		         DMM-R1		12.8		-7.0		5.8		1.3e+07		1.3e+07		1000		NO
                     DMM-QOOH1=DMM-R1+O2		         DMM-R1		23.7		-7.0		16.8		1.3e+07		1.3e+07		1000		NO
                     DMM-QOOH2=DMM-R1+O2		         DMM-R1		23.1		-7.0		16.1		1.3e+07		1.3e+07		1000		NO
                      DMM-RO22=O2+DMM-R2		         DMM-R2		34.4		-7.4		27.0		1.6e+08		1.6e+08		1000		NO
                     DMM-QOOH3=DMM-R2+O2		         DMM-R2		25.5		-7.4		18.1		1.6e+08		1.6e+08		1000		NO
                   OH+DMM-RO2=HO2+DMM-R2		         DMM-R2		25.6		-7.4		18.2		1.6e+08		1.6e+08		1000		NO
                   OH+DMM-RO1=HO2+DMM-R1		         DMM-R1		26.7		-7.0		19.7		1.3e+07		1.3e+07		1000		NO
                       O2+DMM=HO2+DMM-R2		         DMM-R2		40.5		-7.4		33.1		1.6e+08		1.6e+08		1000		NO
                       O2+DMM=HO2+DMM-R1		         DMM-R1		40.1		-7.0		33.2		1.3e+07		1.3e+07		1000		NO
                     HO2+DMM=H2O2+DMM-R1		         DMM-R1		7.4		-7.0		0.4		1.3e+07		1.3e+07		1000		NO
                     HO2+DMM=H2O2+DMM-R2		         DMM-R2		7.7		-7.4		0.3		1.6e+08		1.6e+08		1000		NO
                      CH3+DMM=CH4+DMM-R1		         DMM-R1		-5.8		-7.0		-12.8		1.3e+07		3.1e+07		1122		YES
                      CH3+DMM=CH4+DMM-R2		         DMM-R2		-5.5		-7.4		-12.9		1.6e+08		2.4e+08		1136		YES
                     HCO+DMM=CH2O+DMM-R1		         DMM-R1		6.8		-7.0		-0.2		1.3e+07		1.3e+07		1000		NO
                     HCO+DMM=CH2O+DMM-R2		         DMM-R2		7.1		-7.4		-0.3		1.6e+08		1.6e+08		1000		NO
                    CH2O+DMM=CH3O+DMM-R1		         DMM-R1		55.0		-7.0		48.0		1.3e+07		1.3e+07		1000		NO
                    CH2O+DMM=CH3O+DMM-R2		         DMM-R2		55.3		-7.4		47.9		1.6e+08		1.6e+08		1000		NO
                  CH2OH+DMM=CH3OH+DMM-R1		         DMM-R1		0.6		-7.0		-6.4		1.3e+07		1.3e+07		1000		NO
                  CH2OH+DMM=CH3OH+DMM-R2		         DMM-R2		0.9		-7.4		-6.5		1.6e+08		1.6e+08		1006		NO
                   CH3O+DMM=CH3OH+DMM-R1		         DMM-R1		-5.6		-7.0		-12.6		1.3e+07		3.1e+07		1124		YES
                   CH3O+DMM=CH3OH+DMM-R2		         DMM-R2		-5.3		-7.4		-12.7		1.6e+08		2.4e+08		1137		YES
                   OCHO+DMM=HOCHO+DMM-R1		         DMM-R1		-10.6		-7.0		-17.6		1.3e+07		5.1e+07		1219		YES
                   OCHO+DMM=HOCHO+DMM-R2		         DMM-R2		-10.3		-7.4		-17.7		1.6e+08		3.1e+08		1233		YES
               CH3O+DMM-RO1=CH3O2+DMM-R1		         DMM-R1		24.2		-7.0		17.2		1.3e+07		1.3e+07		1000		NO
               CH3O+DMM-RO2=CH3O2+DMM-R2		         DMM-R2		23.3		-7.4		15.9		1.6e+08		1.6e+08		1000		NO
                 CH3O2+DMM=CH3O2H+DMM-R1		         DMM-R1		7.4		-7.0		0.4		1.3e+07		1.3e+07		1000		NO
                 CH3O2+DMM=CH3O2H+DMM-R2		         DMM-R2		7.7		-7.4		0.3		1.6e+08		1.6e+08		1000		NO
                 O2CHO+DMM=HO2CHO+DMM-R2		         DMM-R2		6.2		-7.4		-1.2		1.6e+08		1.6e+08		1000		NO
                 O2CHO+DMM=HO2CHO+DMM-R1		         DMM-R1		5.9		-7.0		-1.1		1.3e+07		1.3e+07		1000		NO
              CH3OCH2+DMM=CH3OCH3+DMM-R1		         DMM-R1		0.5		-7.0		-6.5		1.3e+07		1.3e+07		1000		NO
              CH3OCH2+DMM=CH3OCH3+DMM-R2		         DMM-R2		0.7		-7.4		-6.7		1.6e+08		1.6e+08		1000		NO
              DMM+CH2OCHO=CH3OCHO+DMM-R1		         DMM-R1		1.7		-7.0		-5.3		1.3e+07		2.4e+07		1085		NO
              DMM+CH2OCHO=CH3OCHO+DMM-R2		         DMM-R2		2.0		-7.4		-5.4		1.6e+08		2.2e+08		1096		NO
               CH3OCO+DMM=CH3OCHO+DMM-R1		         DMM-R1		2.1		-7.0		-4.9		1.3e+07		2.3e+07		1079		NO
               CH3OCO+DMM=CH3OCHO+DMM-R2		         DMM-R2		2.4		-7.4		-5.0		1.6e+08		2.2e+08		1091		NO
                   DMM+DMM-R2=DMM+DMM-R1		         DMM-R1		-0.2		-7.0		-7.2		1.3e+07		1.3e+07		1000		NO
